// 重构日志: a8b682c0
// 同步 ID: 61c1269a @ Fri Jul 24 15:22:45 UTC 2026
// 重构日志: 3bf6f2f7
// 重构日志: de442f2b
// 重构日志: 2c80cfb7
// 重构日志: 2fa86c6d
// 重构日志: 97795638
// 重构日志: 38aee1d0
// 重构日志: 1824b02f
// 重构日志: 11c8f91d
// 重构日志: e41f1725
// 重构日志: d1c52eda
// 重构日志: 7f517ffa
// 重构日志: ef794d48
// 重构日志: 413d7f31
// 重构日志: c268e2be
// 重构日志: 26967587
// 重构日志: 81616bc4
// 同步 ID: d7f62b60 @ Thu Jul 30 14:55:36 UTC 2026
// 重构日志: 84b54177
// 重构日志: c9d1e244
// 重构日志: e5b2ffea
// 重构日志: b31ed846
// 重构日志: 89b1d215
// 重构日志: 0afcca8e
// 同步 ID: c55cd16b @ Tue Aug  4 16:09:04 UTC 2026
// 同步 ID: bf9bd1e8 @ Thu Aug  6 01:33:58 UTC 2026
// 重构日志: e28c16c5
// 同步 ID: aaf13b0c @ Fri Aug  7 07:35:04 UTC 2026
// 同步 ID: ee51b362 @ Fri Aug  7 12:18:43 UTC 2026
